// Vitest Snapshot v1, https://vitest.dev/guide/snapshot.html

exports[`chaikinSmoothing 1`] = `
[
  {
    "x": 0.4375,
    "y": 1,
  },
  {
    "x": 0.5625,
    "y": 1,
  },
  {
    "x": 0.671875,
    "y": 0.984375,
  },
  {
    "x": 0.765625,
    "y": 0.953125,
  },
  {
    "x": 0.84375,
    "y": 0.90625,
  },
  {
    "x": 0.90625,
    "y": 0.84375,
  },
  {
    "x": 0.953125,
    "y": 0.765625,
  },
  {
    "x": 0.984375,
    "y": 0.671875,
  },
  {
    "x": 1,
    "y": 0.5625,
  },
  {
    "x": 1,
    "y": 0.4375,
  },
]
`;
